=== reference surfaces for gpt on devices [1] ===
  trajectory: 202 snapshots x 5,018,112 parameters
  plane[centered] rho2=0.9438 orth_err=1.31e-06 residual mean=5.53 max=21.57 (4.8s, gram in float16)
  plane[  origin] rho2=0.9907 orth_err=7.75e-07 residual mean=6.662 max=17.46 (4.6s, gram in float16)
  plane[endpoint] rho2=0.9438 orth_err=6.56e-07 residual mean=7.866 max=16.16 (4.4s, gram in float16)
  domain: x(-45.72256088256836, 90.40457534790039) y(-75.70201206207275, 60.425124168395996)  radius 68.06
  micro-batch[train] by order: {0: 64, 1: 16, 2: 32}
  micro-batch[val] by order: {0: 64, 1: 32, 2: 32}
  cost model: kappa={0: 1.0, 1: 3.68, 2: 28.05} tau={0: 0.3, 1: 0.0, 2: 0.0} example-equivalents, 302.80 us/example
  value grid 33x33, derivative grid 13x13; estimated 1h 11m
  58 jobs across 1 device(s)
    2/58 jobs  1m 21s elapsed, 37m 38s remaining
    4/58 jobs  2m 41s elapsed, 36m 14s remaining
    6/58 jobs  4m 2s elapsed, 34m 54s remaining
    8/58 jobs  5m 22s elapsed, 33m 33s remaining
    10/58 jobs  6m 43s elapsed, 32m 13s remaining
    12/58 jobs  8m 3s elapsed, 30m 52s remaining
    14/58 jobs  9m 24s elapsed, 29m 31s remaining
    16/58 jobs  10m 44s elapsed, 28m 10s remaining
    18/58 jobs  11m 25s elapsed, 25m 22s remaining
    20/58 jobs  12m 5s elapsed, 22m 57s remaining
    22/58 jobs  12m 45s elapsed, 20m 52s remaining
    24/58 jobs  13m 25s elapsed, 19m 1s remaining
    26/58 jobs  14m 5s elapsed, 17m 21s remaining
    28/58 jobs  14m 46s elapsed, 15m 49s remaining
    30/58 jobs  15m 26s elapsed, 14m 24s remaining
    32/58 jobs  16m 6s elapsed, 13m 5s remaining
    34/58 jobs  16m 46s elapsed, 11m 50s remaining
    36/58 jobs  17m 7s elapsed, 10m 27s remaining
    38/58 jobs  26m 26s elapsed, 13m 55s remaining
    40/58 jobs  35m 42s elapsed, 16m 4s remaining
    42/58 jobs  44m 57s elapsed, 17m 8s remaining
    44/58 jobs  54m 13s elapsed, 17m 15s remaining
    46/58 jobs  1h 3m elapsed, 16m 34s remaining
    48/58 jobs  1h 8m elapsed, 14m 15s remaining
    50/58 jobs  1h 13m elapsed, 11m 41s remaining
    52/58 jobs  1h 17m elapsed, 8m 58s remaining
    54/58 jobs  1h 22m elapsed, 6m 6s remaining
    56/58 jobs  1h 26m elapsed, 3m 6s remaining
    58/58 jobs  1h 30m elapsed, 0.0 ns remaining

  surface range (train): 9.6644
  total: 1h 31m
  wrote runs/gpt/reference.npz
